

Roland.Web Design@DESKTOP-6LRG5P0 MINGW64 /d/git_test (master)
$ git init
Reinitialized existing Git repository in D:/git_test/.git/

Roland.Web Design@DESKTOP-6LRG5P0 MINGW64 /d/git_test (master)
$ git remote add origin https://github.com/roland9720/git-test.git

Roland.Web Design@DESKTOP-6LRG5P0 MINGW64 /d/git_test (master)
$ git status
On branch master

No commits yet

nothing to commit (create/copy files and use "git add" to track)

Roland.Web Design@DESKTOP-6LRG5P0 MINGW64 /d/git_test (master)
$ git status
On branch master

No commits yet

Untracked files:
  (use "git add <file>..." to include in what will be committed)
        test 1.txt

nothing added to commit but untracked files present (use "git add" to track)

Roland.Web Design@DESKTOP-6LRG5P0 MINGW64 /d/git_test (master)
$ git add all
fatal: pathspec 'all' did not match any files

Roland.Web Design@DESKTOP-6LRG5P0 MINGW64 /d/git_test (master)
$ git add .

Roland.Web Design@DESKTOP-6LRG5P0 MINGW64 /d/git_test (master)
$ git status
On branch master

No commits yet

Changes to be committed:
  (use "git rm --cached <file>..." to unstage)
        new file:   test 1.txt


Roland.Web Design@DESKTOP-6LRG5P0 MINGW64 /d/git_test (master)
$ git commit -m "Creation de fichier de configuration"
[master (root-commit) 14f8d49] Creation de fichier de configuration
 1 file changed, 0 insertions(+), 0 deletions(-)
 create mode 100644 test 1.txt

Roland.Web Design@DESKTOP-6LRG5P0 MINGW64 /d/git_test (master)
$ git status
On branch master
nothing to commit, working tree clean

Roland.Web Design@DESKTOP-6LRG5P0 MINGW64 /d/git_test (master)
$ git push -u origin master
Enumerating objects: 3, done.
Counting objects: 100% (3/3), done.
Writing objects: 100% (3/3), 229 bytes | 229.00 KiB/s, done.
Total 3 (delta 0), reused 0 (delta 0), pack-reused 0
remote:
remote: Create a pull request for 'master' on GitHub by visiting:
remote:      https://github.com/roland9720/git-test/pull/new/master
remote:
To https://github.com/roland9720/git-test.git
 * [new branch]      master -> master
Branch 'master' set up to track remote branch 'master' from 'origin'.

Roland.Web Design@DESKTOP-6LRG5P0 MINGW64 /d/git_test (master)
$ git log
commit 14f8d492f1816e0c4f6f24eee61ed58d681f5ffc (HEAD -> master, origin/master)
Author: roland9720 <akpovo1997@gmail.com>
Date:   Tue May 18 17:59:25 2021 +0200

    Creation de fichier de configuration

Roland.Web Design@DESKTOP-6LRG5P0 MINGW64 /d/git_test (master)
$
